<?xml version="1.0" encoding="ISO-8859-1" ?>
<link_info>
   <banner>TI ARM Linker PC v20.2.7.LTS</banner>
   <copyright>Copyright (c) 1996-2018 Texas Instruments Incorporated</copyright>
   <link_time>0x671b5752</link_time>
   <link_errors>0x0</link_errors>
   <output_file>UART_DWIN.out</output_file>
   <entry_point>
      <name>_c_int00_noargs</name>
      <address>0x9dd</address>
   </entry_point>
   <input_file_list>
      <input_file id="fl-2">
         <path>.\</path>
         <kind>object</kind>
         <file>main.obj</file>
         <name>main.obj</name>
      </input_file>
      <input_file id="fl-3">
         <path>.\</path>
         <kind>object</kind>
         <file>tm4c123gh6pm_startup_ccs.obj</file>
         <name>tm4c123gh6pm_startup_ccs.obj</name>
      </input_file>
      <input_file id="fl-8">
         <kind>object</kind>
         <file>&lt;internal&gt;</file>
         <name>&lt;internal&gt;</name>
      </input_file>
      <input_file id="fl-be">
         <path>D:\Code Composer Studio\ccs\tools\compiler\ti-cgt-arm_20.2.7.LTS\lib\</path>
         <kind>archive</kind>
         <file>rtsv7M4_T_le_v4SPD16_eabi.lib</file>
         <name>memset_t2.asm.obj</name>
      </input_file>
      <input_file id="fl-bf">
         <path>D:\Code Composer Studio\ccs\tools\compiler\ti-cgt-arm_20.2.7.LTS\lib\</path>
         <kind>archive</kind>
         <file>rtsv7M4_T_le_v4SPD16_eabi.lib</file>
         <name>copy_zero_init.c.obj</name>
      </input_file>
      <input_file id="fl-c0">
         <path>D:\Code Composer Studio\ccs\tools\compiler\ti-cgt-arm_20.2.7.LTS\lib\</path>
         <kind>archive</kind>
         <file>rtsv7M4_T_le_v4SPD16_eabi.lib</file>
         <name>copy_decompress_none.c.obj</name>
      </input_file>
      <input_file id="fl-c1">
         <path>D:\Code Composer Studio\ccs\tools\compiler\ti-cgt-arm_20.2.7.LTS\lib\</path>
         <kind>archive</kind>
         <file>rtsv7M4_T_le_v4SPD16_eabi.lib</file>
         <name>copy_decompress_lzss.c.obj</name>
      </input_file>
      <input_file id="fl-c2">
         <path>D:\Code Composer Studio\ccs\tools\compiler\ti-cgt-arm_20.2.7.LTS\lib\</path>
         <kind>archive</kind>
         <file>rtsv7M4_T_le_v4SPD16_eabi.lib</file>
         <name>boot_cortex_m.c.obj</name>
      </input_file>
      <input_file id="fl-c3">
         <path>D:\Code Composer Studio\ccs\tools\compiler\ti-cgt-arm_20.2.7.LTS\lib\</path>
         <kind>archive</kind>
         <file>rtsv7M4_T_le_v4SPD16_eabi.lib</file>
         <name>memcpy_t2.asm.obj</name>
      </input_file>
      <input_file id="fl-c4">
         <path>D:\Code Composer Studio\ccs\tools\compiler\ti-cgt-arm_20.2.7.LTS\lib\</path>
         <kind>archive</kind>
         <file>rtsv7M4_T_le_v4SPD16_eabi.lib</file>
         <name>autoinit.c.obj</name>
      </input_file>
      <input_file id="fl-c5">
         <path>D:\Code Composer Studio\ccs\tools\compiler\ti-cgt-arm_20.2.7.LTS\lib\</path>
         <kind>archive</kind>
         <file>rtsv7M4_T_le_v4SPD16_eabi.lib</file>
         <name>pre_init.c.obj</name>
      </input_file>
      <input_file id="fl-c6">
         <path>D:\Code Composer Studio\ccs\tools\compiler\ti-cgt-arm_20.2.7.LTS\lib\</path>
         <kind>archive</kind>
         <file>rtsv7M4_T_le_v4SPD16_eabi.lib</file>
         <name>cpy_tbl.c.obj</name>
      </input_file>
      <input_file id="fl-c7">
         <path>D:\Code Composer Studio\ccs\tools\compiler\ti-cgt-arm_20.2.7.LTS\lib\</path>
         <kind>archive</kind>
         <file>rtsv7M4_T_le_v4SPD16_eabi.lib</file>
         <name>exit.c.obj</name>
      </input_file>
      <input_file id="fl-c8">
         <path>D:\Code Composer Studio\ccs\tools\compiler\ti-cgt-arm_20.2.7.LTS\lib\</path>
         <kind>archive</kind>
         <file>rtsv7M4_T_le_v4SPD16_eabi.lib</file>
         <name>_lock.c.obj</name>
      </input_file>
      <input_file id="fl-c9">
         <path>D:\Code Composer Studio\ccs\tools\compiler\ti-cgt-arm_20.2.7.LTS\lib\</path>
         <kind>archive</kind>
         <file>rtsv7M4_T_le_v4SPD16_eabi.lib</file>
         <name>args_main.c.obj</name>
      </input_file>
      <input_file id="fl-ca">
         <path>C:\ti\TivaWare_C_Series-2.2.0.295\driverlib\ccs\Debug\</path>
         <kind>archive</kind>
         <file>driverlib.lib</file>
         <name>gpio.obj</name>
      </input_file>
      <input_file id="fl-cb">
         <path>C:\ti\TivaWare_C_Series-2.2.0.295\driverlib\ccs\Debug\</path>
         <kind>archive</kind>
         <file>driverlib.lib</file>
         <name>interrupt.obj</name>
      </input_file>
      <input_file id="fl-cc">
         <path>C:\ti\TivaWare_C_Series-2.2.0.295\driverlib\ccs\Debug\</path>
         <kind>archive</kind>
         <file>driverlib.lib</file>
         <name>sysctl.obj</name>
      </input_file>
      <input_file id="fl-cd">
         <path>C:\ti\TivaWare_C_Series-2.2.0.295\driverlib\ccs\Debug\</path>
         <kind>archive</kind>
         <file>driverlib.lib</file>
         <name>uart.obj</name>
      </input_file>
      <input_file id="fl-ce">
         <path>C:\ti\TivaWare_C_Series-2.2.0.295\driverlib\ccs\Debug\</path>
         <kind>archive</kind>
         <file>driverlib.lib</file>
         <name>cpu.obj</name>
      </input_file>
   </input_file_list>
   <object_component_list>
      <object_component id="oc-12">
         <name>.intvecs</name>
         <load_address>0x0</load_address>
         <run_address>0x0</run_address>
         <size>0x26c</size>
         <input_file_ref idref="fl-3"/>
      </object_component>
      <object_component id="oc-9b">
         <name>.text</name>
         <load_address>0x26c</load_address>
         <run_address>0x26c</run_address>
         <size>0x2ac</size>
         <input_file_ref idref="fl-2"/>
      </object_component>
      <object_component id="oc-18b">
         <name>.text:GPIOPadConfigSet</name>
         <load_address>0x518</load_address>
         <run_address>0x518</run_address>
         <size>0x16c</size>
         <input_file_ref idref="fl-ca"/>
      </object_component>
      <object_component id="oc-e7">
         <name>.text:SysCtlClockSet</name>
         <load_address>0x684</load_address>
         <run_address>0x684</run_address>
         <size>0xf4</size>
         <input_file_ref idref="fl-cc"/>
      </object_component>
      <object_component id="oc-8f">
         <name>.text</name>
         <load_address>0x778</load_address>
         <run_address>0x778</run_address>
         <size>0x7a</size>
         <input_file_ref idref="fl-be"/>
      </object_component>
      <object_component id="oc-1a1">
         <name>.text:IntEnable</name>
         <load_address>0x7f4</load_address>
         <run_address>0x7f4</run_address>
         <size>0x68</size>
         <input_file_ref idref="fl-cb"/>
      </object_component>
      <object_component id="oc-f3">
         <name>.text:GPIOPinConfigure</name>
         <load_address>0x85c</load_address>
         <run_address>0x85c</run_address>
         <size>0x4c</size>
         <input_file_ref idref="fl-ca"/>
      </object_component>
      <object_component id="oc-10b">
         <name>.text:UARTConfigSetExpClk</name>
         <load_address>0x8a8</load_address>
         <run_address>0x8a8</run_address>
         <size>0x46</size>
         <input_file_ref idref="fl-cd"/>
      </object_component>
      <object_component id="oc-133">
         <name>.text:__TI_auto_init_nobinit_nopinit:__TI_auto_init_nobinit_nopinit</name>
         <load_address>0x8f0</load_address>
         <run_address>0x8f0</run_address>
         <size>0x44</size>
         <input_file_ref idref="fl-c4"/>
      </object_component>
      <object_component id="oc-195">
         <name>.text:_UARTIntNumberGet</name>
         <load_address>0x934</load_address>
         <run_address>0x934</run_address>
         <size>0x40</size>
         <input_file_ref idref="fl-cd"/>
      </object_component>
      <object_component id="oc-19b">
         <name>.text:IntRegister</name>
         <load_address>0x974</load_address>
         <run_address>0x974</run_address>
         <size>0x34</size>
         <input_file_ref idref="fl-cb"/>
      </object_component>
      <object_component id="oc-ed">
         <name>.text:SysCtlPeripheralEnable</name>
         <load_address>0x9a8</load_address>
         <run_address>0x9a8</run_address>
         <size>0x34</size>
         <input_file_ref idref="fl-cc"/>
      </object_component>
      <object_component id="oc-59">
         <name>.text:_c_int00_noargs:_c_int00_noargs</name>
         <load_address>0x9dc</load_address>
         <run_address>0x9dc</run_address>
         <size>0x34</size>
         <input_file_ref idref="fl-c2"/>
      </object_component>
      <object_component id="oc-185">
         <name>.text:GPIODirModeSet</name>
         <load_address>0xa10</load_address>
         <run_address>0xa10</run_address>
         <size>0x2c</size>
         <input_file_ref idref="fl-ca"/>
      </object_component>
      <object_component id="oc-ff">
         <name>.text:UARTDisable</name>
         <load_address>0xa3c</load_address>
         <run_address>0xa3c</run_address>
         <size>0x20</size>
         <input_file_ref idref="fl-cd"/>
      </object_component>
      <object_component id="oc-47">
         <name>.text:decompress:ZI:__TI_zero_init_nomemset:__TI_zero_init_nomemset</name>
         <load_address>0xa5c</load_address>
         <run_address>0xa5c</run_address>
         <size>0x1c</size>
         <input_file_ref idref="fl-bf"/>
      </object_component>
      <object_component id="oc-111">
         <name>.text:UARTIntRegister</name>
         <load_address>0xa78</load_address>
         <run_address>0xa78</run_address>
         <size>0x18</size>
         <input_file_ref idref="fl-cd"/>
      </object_component>
      <object_component id="oc-f9">
         <name>.text:GPIOPinTypeUART</name>
         <load_address>0xa90</load_address>
         <run_address>0xa90</run_address>
         <size>0x16</size>
         <input_file_ref idref="fl-ca"/>
      </object_component>
      <object_component id="oc-11d">
         <name>.text:UARTEnable</name>
         <load_address>0xaa6</load_address>
         <run_address>0xaa6</run_address>
         <size>0x14</size>
         <input_file_ref idref="fl-cd"/>
      </object_component>
      <object_component id="oc-d5">
         <name>.text:UARTCharGetNonBlocking</name>
         <load_address>0xaba</load_address>
         <run_address>0xaba</run_address>
         <size>0xe</size>
         <input_file_ref idref="fl-cd"/>
      </object_component>
      <object_component id="oc-e1">
         <name>.text:UARTCharPutNonBlocking</name>
         <load_address>0xac8</load_address>
         <run_address>0xac8</run_address>
         <size>0xe</size>
         <input_file_ref idref="fl-cd"/>
      </object_component>
      <object_component id="oc-db">
         <name>.text:UARTSpaceAvail</name>
         <load_address>0xad6</load_address>
         <run_address>0xad6</run_address>
         <size>0xe</size>
         <input_file_ref idref="fl-cd"/>
      </object_component>
      <object_component id="oc-27">
         <name>.text</name>
         <load_address>0xae4</load_address>
         <run_address>0xae4</run_address>
         <size>0xc</size>
         <input_file_ref idref="fl-3"/>
      </object_component>
      <object_component id="oc-c9">
         <name>.text:UARTIntStatus</name>
         <load_address>0xaf0</load_address>
         <run_address>0xaf0</run_address>
         <size>0xa</size>
         <input_file_ref idref="fl-cd"/>
      </object_component>
      <object_component id="oc-117">
         <name>.text:UARTIntEnable</name>
         <load_address>0xafa</load_address>
         <run_address>0xafa</run_address>
         <size>0x8</size>
         <input_file_ref idref="fl-cd"/>
      </object_component>
      <object_component id="oc-17c">
         <name>.text:SysCtlDelay</name>
         <load_address>0xb02</load_address>
         <run_address>0xb02</run_address>
         <size>0x6</size>
         <input_file_ref idref="fl-cc"/>
      </object_component>
      <object_component id="oc-105">
         <name>.text:UARTClockSourceSet</name>
         <load_address>0xb08</load_address>
         <run_address>0xb08</run_address>
         <size>0x6</size>
         <input_file_ref idref="fl-cd"/>
      </object_component>
      <object_component id="oc-cf">
         <name>.text:UARTIntClear</name>
         <load_address>0xb0e</load_address>
         <run_address>0xb0e</run_address>
         <size>0x4</size>
         <input_file_ref idref="fl-cd"/>
      </object_component>
      <object_component id="oc-95">
         <name>.text:_system_pre_init</name>
         <load_address>0xb12</load_address>
         <run_address>0xb12</run_address>
         <size>0x4</size>
         <input_file_ref idref="fl-c5"/>
      </object_component>
      <object_component id="oc-127">
         <name>.text:abort:abort</name>
         <load_address>0xb16</load_address>
         <run_address>0xb16</run_address>
         <size>0x4</size>
         <input_file_ref idref="fl-c7"/>
      </object_component>
      <object_component id="oc-180">
         <name>.const:g_pui32GPIOBaseAddrs</name>
         <load_address>0xb1c</load_address>
         <run_address>0xb1c</run_address>
         <size>0x90</size>
         <input_file_ref idref="fl-ca"/>
      </object_component>
      <object_component id="oc-1e7">
         <name>.const:g_ppui32UARTIntMap</name>
         <load_address>0xbac</load_address>
         <run_address>0xbac</run_address>
         <size>0x40</size>
         <input_file_ref idref="fl-cd"/>
      </object_component>
      <object_component id="oc-1ea">
         <name>.const:g_ppui32UARTIntMapSnowflake</name>
         <load_address>0xbec</load_address>
         <run_address>0xbec</run_address>
         <size>0x40</size>
         <input_file_ref idref="fl-cd"/>
      </object_component>
      <object_component id="oc-1f3">
         <name>.const:g_pui32EnRegs</name>
         <load_address>0xc2c</load_address>
         <run_address>0xc2c</run_address>
         <size>0x14</size>
         <input_file_ref idref="fl-cb"/>
      </object_component>
      <object_component id="oc-25d">
         <name>.cinit..bss.load</name>
         <load_address>0xc40</load_address>
         <run_address>0xc40</run_address>
         <size>0x8</size>
      </object_component>
      <object_component id="oc-25c">
         <name>.cinit..vtable.load</name>
         <load_address>0xc48</load_address>
         <run_address>0xc48</run_address>
         <size>0x8</size>
      </object_component>
      <object_component id="oc-25a">
         <name>__TI_handler_table</name>
         <load_address>0xc50</load_address>
         <run_address>0xc50</run_address>
         <size>0x4</size>
      </object_component>
      <object_component id="oc-25b">
         <name>__TI_cinit_table</name>
         <load_address>0xc54</load_address>
         <run_address>0xc54</run_address>
         <size>0x10</size>
      </object_component>
      <object_component id="oc-1ee">
         <name>.vtable</name>
         <uninitialized>true</uninitialized>
         <run_address>0x20000000</run_address>
         <size>0x26c</size>
         <input_file_ref idref="fl-cb"/>
      </object_component>
      <object_component id="oc-125">
         <name>.common:sendData</name>
         <uninitialized>true</uninitialized>
         <run_address>0x200004a4</run_address>
         <size>0x1</size>
      </object_component>
      <object_component id="oc-123">
         <name>.common:uartBuffer</name>
         <uninitialized>true</uninitialized>
         <run_address>0x20000470</run_address>
         <size>0x34</size>
      </object_component>
      <object_component id="oc-124">
         <name>.common:uartCnt</name>
         <uninitialized>true</uninitialized>
         <run_address>0x200004a5</run_address>
         <size>0x1</size>
      </object_component>
      <object_component id="oc-24">
         <name>.stack</name>
         <uninitialized>true</uninitialized>
         <run_address>0x20000270</run_address>
         <size>0x4</size>
         <input_file_ref idref="fl-c2"/>
      </object_component>
      <object_component id="oc-25f">
         <name>.stack</name>
         <uninitialized>true</uninitialized>
         <run_address>0x20000270</run_address>
         <size>0x0</size>
      </object_component>
      <object_component id="oc-b7">
         <name>.debug_info</name>
         <load_address>0x0</load_address>
         <run_address>0x0</run_address>
         <size>0x67e</size>
         <input_file_ref idref="fl-2"/>
      </object_component>
      <object_component id="oc-9d">
         <name>.debug_info</name>
         <load_address>0x67e</load_address>
         <run_address>0x67e</run_address>
         <size>0x53f</size>
         <input_file_ref idref="fl-2"/>
      </object_component>
      <object_component id="oc-70">
         <name>.debug_info</name>
         <load_address>0xbbd</load_address>
         <run_address>0xbbd</run_address>
         <size>0x26b</size>
         <input_file_ref idref="fl-2"/>
      </object_component>
      <object_component id="oc-b2">
         <name>.debug_info</name>
         <load_address>0xe28</load_address>
         <run_address>0xe28</run_address>
         <size>0x8b</size>
         <input_file_ref idref="fl-2"/>
      </object_component>
      <object_component id="oc-ad">
         <name>.debug_info</name>
         <load_address>0xeb3</load_address>
         <run_address>0xeb3</run_address>
         <size>0x2a4</size>
         <input_file_ref idref="fl-2"/>
      </object_component>
      <object_component id="oc-75">
         <name>.debug_info</name>
         <load_address>0x1157</load_address>
         <run_address>0x1157</run_address>
         <size>0xbb</size>
         <input_file_ref idref="fl-2"/>
      </object_component>
      <object_component id="oc-16c">
         <name>.debug_info</name>
         <load_address>0x1212</load_address>
         <run_address>0x1212</run_address>
         <size>0xcc</size>
         <input_file_ref idref="fl-2"/>
      </object_component>
      <object_component id="oc-167">
         <name>.debug_info</name>
         <load_address>0x12de</load_address>
         <run_address>0x12de</run_address>
         <size>0x35</size>
         <input_file_ref idref="fl-2"/>
      </object_component>
      <object_component id="oc-2f">
         <name>.debug_info</name>
         <load_address>0x1313</load_address>
         <run_address>0x1313</run_address>
         <size>0x29d</size>
         <input_file_ref idref="fl-3"/>
      </object_component>
      <object_component id="oc-13">
         <name>.debug_info</name>
         <load_address>0x15b0</load_address>
         <run_address>0x15b0</run_address>
         <size>0xdc</size>
         <input_file_ref idref="fl-3"/>
      </object_component>
      <object_component id="oc-28">
         <name>.debug_info</name>
         <load_address>0x168c</load_address>
         <run_address>0x168c</run_address>
         <size>0x258</size>
         <input_file_ref idref="fl-3"/>
      </object_component>
      <object_component id="oc-36">
         <name>.debug_info</name>
         <load_address>0x18e4</load_address>
         <run_address>0x18e4</run_address>
         <size>0x84</size>
         <input_file_ref idref="fl-3"/>
      </object_component>
      <object_component id="oc-90">
         <name>.debug_info</name>
         <load_address>0x1968</load_address>
         <run_address>0x1968</run_address>
         <size>0x147</size>
         <input_file_ref idref="fl-be"/>
      </object_component>
      <object_component id="oc-8e">
         <name>.debug_info</name>
         <load_address>0x1aaf</load_address>
         <run_address>0x1aaf</run_address>
         <size>0x2d4</size>
         <input_file_ref idref="fl-bf"/>
      </object_component>
      <object_component id="oc-4b">
         <name>.debug_info</name>
         <load_address>0x1d83</load_address>
         <run_address>0x1d83</run_address>
         <size>0x1d2</size>
         <input_file_ref idref="fl-bf"/>
      </object_component>
      <object_component id="oc-89">
         <name>.debug_info</name>
         <load_address>0x1f55</load_address>
         <run_address>0x1f55</run_address>
         <size>0x46</size>
         <input_file_ref idref="fl-bf"/>
      </object_component>
      <object_component id="oc-c0">
         <name>.debug_info</name>
         <load_address>0x1f9b</load_address>
         <run_address>0x1f9b</run_address>
         <size>0x2c</size>
         <input_file_ref idref="fl-bf"/>
      </object_component>
      <object_component id="oc-25">
         <name>.debug_info</name>
         <load_address>0x1fc7</load_address>
         <run_address>0x1fc7</run_address>
         <size>0x10b</size>
         <input_file_ref idref="fl-c2"/>
      </object_component>
      <object_component id="oc-5c">
         <name>.debug_info</name>
         <load_address>0x20d2</load_address>
         <run_address>0x20d2</run_address>
         <size>0x1a9</size>
         <input_file_ref idref="fl-c2"/>
      </object_component>
      <object_component id="oc-1b5">
         <name>.debug_info</name>
         <load_address>0x227b</load_address>
         <run_address>0x227b</run_address>
         <size>0x4b3</size>
         <input_file_ref idref="fl-c4"/>
      </object_component>
      <object_component id="oc-135">
         <name>.debug_info</name>
         <load_address>0x272e</load_address>
         <run_address>0x272e</run_address>
         <size>0x1a6</size>
         <input_file_ref idref="fl-c4"/>
      </object_component>
      <object_component id="oc-207">
         <name>.debug_info</name>
         <load_address>0x28d4</load_address>
         <run_address>0x28d4</run_address>
         <size>0x39</size>
         <input_file_ref idref="fl-c4"/>
      </object_component>
      <object_component id="oc-225">
         <name>.debug_info</name>
         <load_address>0x290d</load_address>
         <run_address>0x290d</run_address>
         <size>0x39</size>
         <input_file_ref idref="fl-c4"/>
      </object_component>
      <object_component id="oc-20c">
         <name>.debug_info</name>
         <load_address>0x2946</load_address>
         <run_address>0x2946</run_address>
         <size>0x39</size>
         <input_file_ref idref="fl-c4"/>
      </object_component>
      <object_component id="oc-211">
         <name>.debug_info</name>
         <load_address>0x297f</load_address>
         <run_address>0x297f</run_address>
         <size>0xcd</size>
         <input_file_ref idref="fl-c4"/>
      </object_component>
      <object_component id="oc-99">
         <name>.debug_info</name>
         <load_address>0x2a4c</load_address>
         <run_address>0x2a4c</run_address>
         <size>0x153</size>
         <input_file_ref idref="fl-c5"/>
      </object_component>
      <object_component id="oc-129">
         <name>.debug_info</name>
         <load_address>0x2b9f</load_address>
         <run_address>0x2b9f</run_address>
         <size>0x122</size>
         <input_file_ref idref="fl-c7"/>
      </object_component>
      <object_component id="oc-184">
         <name>.debug_info</name>
         <load_address>0x2cc1</load_address>
         <run_address>0x2cc1</run_address>
         <size>0x3e4</size>
         <input_file_ref idref="fl-ca"/>
      </object_component>
      <object_component id="oc-181">
         <name>.debug_info</name>
         <load_address>0x30a5</load_address>
         <run_address>0x30a5</run_address>
         <size>0x164</size>
         <input_file_ref idref="fl-ca"/>
      </object_component>
      <object_component id="oc-186">
         <name>.debug_info</name>
         <load_address>0x3209</load_address>
         <run_address>0x3209</run_address>
         <size>0x2bc</size>
         <input_file_ref idref="fl-ca"/>
      </object_component>
      <object_component id="oc-18c">
         <name>.debug_info</name>
         <load_address>0x34c5</load_address>
         <run_address>0x34c5</run_address>
         <size>0x31f</size>
         <input_file_ref idref="fl-ca"/>
      </object_component>
      <object_component id="oc-fa">
         <name>.debug_info</name>
         <load_address>0x37e4</load_address>
         <run_address>0x37e4</run_address>
         <size>0x29b</size>
         <input_file_ref idref="fl-ca"/>
      </object_component>
      <object_component id="oc-f4">
         <name>.debug_info</name>
         <load_address>0x3a7f</load_address>
         <run_address>0x3a7f</run_address>
         <size>0x289</size>
         <input_file_ref idref="fl-ca"/>
      </object_component>
      <object_component id="oc-1d1">
         <name>.debug_info</name>
         <load_address>0x3d08</load_address>
         <run_address>0x3d08</run_address>
         <size>0x26b</size>
         <input_file_ref idref="fl-ca"/>
      </object_component>
      <object_component id="oc-1ca">
         <name>.debug_info</name>
         <load_address>0x3f73</load_address>
         <run_address>0x3f73</run_address>
         <size>0x297</size>
         <input_file_ref idref="fl-ca"/>
      </object_component>
      <object_component id="oc-1dc">
         <name>.debug_info</name>
         <load_address>0x420a</load_address>
         <run_address>0x420a</run_address>
         <size>0xef</size>
         <input_file_ref idref="fl-ca"/>
      </object_component>
      <object_component id="oc-172">
         <name>.debug_info</name>
         <load_address>0x42f9</load_address>
         <run_address>0x42f9</run_address>
         <size>0xbb</size>
         <input_file_ref idref="fl-ca"/>
      </object_component>
      <object_component id="oc-1f2">
         <name>.debug_info</name>
         <load_address>0x43b4</load_address>
         <run_address>0x43b4</run_address>
         <size>0x3b7</size>
         <input_file_ref idref="fl-cb"/>
      </object_component>
      <object_component id="oc-1f4">
         <name>.debug_info</name>
         <load_address>0x476b</load_address>
         <run_address>0x476b</run_address>
         <size>0x15b</size>
         <input_file_ref idref="fl-cb"/>
      </object_component>
      <object_component id="oc-1ef">
         <name>.debug_info</name>
         <load_address>0x48c6</load_address>
         <run_address>0x48c6</run_address>
         <size>0x160</size>
         <input_file_ref idref="fl-cb"/>
      </object_component>
      <object_component id="oc-19d">
         <name>.debug_info</name>
         <load_address>0x4a26</load_address>
         <run_address>0x4a26</run_address>
         <size>0x2ca</size>
         <input_file_ref idref="fl-cb"/>
      </object_component>
      <object_component id="oc-1a2">
         <name>.debug_info</name>
         <load_address>0x4cf0</load_address>
         <run_address>0x4cf0</run_address>
         <size>0x271</size>
         <input_file_ref idref="fl-cb"/>
      </object_component>
      <object_component id="oc-17e">
         <name>.debug_info</name>
         <load_address>0x4f61</load_address>
         <run_address>0x4f61</run_address>
         <size>0x441</size>
         <input_file_ref idref="fl-cc"/>
      </object_component>
      <object_component id="oc-ee">
         <name>.debug_info</name>
         <load_address>0x53a2</load_address>
         <run_address>0x53a2</run_address>
         <size>0x286</size>
         <input_file_ref idref="fl-cc"/>
      </object_component>
      <object_component id="oc-e8">
         <name>.debug_info</name>
         <load_address>0x5628</load_address>
         <run_address>0x5628</run_address>
         <size>0x2e4</size>
         <input_file_ref idref="fl-cc"/>
      </object_component>
      <object_component id="oc-1d8">
         <name>.debug_info</name>
         <load_address>0x590c</load_address>
         <run_address>0x590c</run_address>
         <size>0x51</size>
         <input_file_ref idref="fl-cc"/>
      </object_component>
      <object_component id="oc-177">
         <name>.debug_info</name>
         <load_address>0x595d</load_address>
         <run_address>0x595d</run_address>
         <size>0x3cb</size>
         <input_file_ref idref="fl-cd"/>
      </object_component>
      <object_component id="oc-1e8">
         <name>.debug_info</name>
         <load_address>0x5d28</load_address>
         <run_address>0x5d28</run_address>
         <size>0x160</size>
         <input_file_ref idref="fl-cd"/>
      </object_component>
      <object_component id="oc-1eb">
         <name>.debug_info</name>
         <load_address>0x5e88</load_address>
         <run_address>0x5e88</run_address>
         <size>0x172</size>
         <input_file_ref idref="fl-cd"/>
      </object_component>
      <object_component id="oc-dc">
         <name>.debug_info</name>
         <load_address>0x5ffa</load_address>
         <run_address>0x5ffa</run_address>
         <size>0x25c</size>
         <input_file_ref idref="fl-cd"/>
      </object_component>
      <object_component id="oc-196">
         <name>.debug_info</name>
         <load_address>0x6256</load_address>
         <run_address>0x6256</run_address>
         <size>0x287</size>
         <input_file_ref idref="fl-cd"/>
      </object_component>
      <object_component id="oc-cb">
         <name>.debug_info</name>
         <load_address>0x64dd</load_address>
         <run_address>0x64dd</run_address>
         <size>0x288</size>
         <input_file_ref idref="fl-cd"/>
      </object_component>
      <object_component id="oc-113">
         <name>.debug_info</name>
         <load_address>0x6765</load_address>
         <run_address>0x6765</run_address>
         <size>0x2cc</size>
         <input_file_ref idref="fl-cd"/>
      </object_component>
      <object_component id="oc-119">
         <name>.debug_info</name>
         <load_address>0x6a31</load_address>
         <run_address>0x6a31</run_address>
         <size>0x298</size>
         <input_file_ref idref="fl-cd"/>
      </object_component>
      <object_component id="oc-d1">
         <name>.debug_info</name>
         <load_address>0x6cc9</load_address>
         <run_address>0x6cc9</run_address>
         <size>0x296</size>
         <input_file_ref idref="fl-cd"/>
      </object_component>
      <object_component id="oc-11f">
         <name>.debug_info</name>
         <load_address>0x6f5f</load_address>
         <run_address>0x6f5f</run_address>
         <size>0x250</size>
         <input_file_ref idref="fl-cd"/>
      </object_component>
      <object_component id="oc-101">
         <name>.debug_info</name>
         <load_address>0x71af</load_address>
         <run_address>0x71af</run_address>
         <size>0x252</size>
         <input_file_ref idref="fl-cd"/>
      </object_component>
      <object_component id="oc-10d">
         <name>.debug_info</name>
         <load_address>0x7401</load_address>
         <run_address>0x7401</run_address>
         <size>0x32f</size>
         <input_file_ref idref="fl-cd"/>
      </object_component>
      <object_component id="oc-107">
         <name>.debug_info</name>
         <load_address>0x7730</load_address>
         <run_address>0x7730</run_address>
         <size>0x29a</size>
         <input_file_ref idref="fl-cd"/>
      </object_component>
      <object_component id="oc-e3">
         <name>.debug_info</name>
         <load_address>0x79ca</load_address>
         <run_address>0x79ca</run_address>
         <size>0x296</size>
         <input_file_ref idref="fl-cd"/>
      </object_component>
      <object_component id="oc-d7">
         <name>.debug_info</name>
         <load_address>0x7c60</load_address>
         <run_address>0x7c60</run_address>
         <size>0x26c</size>
         <input_file_ref idref="fl-cd"/>
      </object_component>
      <object_component id="oc-260">
         <name>.debug_info</name>
         <load_address>0x7ecc</load_address>
         <run_address>0x7ecc</run_address>
         <size>0x8f</size>
      </object_component>
      <object_component id="oc-166">
         <name>.debug_line</name>
         <load_address>0x0</load_address>
         <run_address>0x0</run_address>
         <size>0x126</size>
         <input_file_ref idref="fl-2"/>
      </object_component>
      <object_component id="oc-9c">
         <name>.debug_line</name>
         <load_address>0x126</load_address>
         <run_address>0x126</run_address>
         <size>0x106</size>
         <input_file_ref idref="fl-2"/>
      </object_component>
      <object_component id="oc-73">
         <name>.debug_line</name>
         <load_address>0x22c</load_address>
         <run_address>0x22c</run_address>
         <size>0x79</size>
         <input_file_ref idref="fl-2"/>
      </object_component>
      <object_component id="oc-b5">
         <name>.debug_line</name>
         <load_address>0x2a5</load_address>
         <run_address>0x2a5</run_address>
         <size>0x20</size>
         <input_file_ref idref="fl-2"/>
      </object_component>
      <object_component id="oc-b0">
         <name>.debug_line</name>
         <load_address>0x2c5</load_address>
         <run_address>0x2c5</run_address>
         <size>0x7d</size>
         <input_file_ref idref="fl-2"/>
      </object_component>
      <object_component id="oc-78">
         <name>.debug_line</name>
         <load_address>0x342</load_address>
         <run_address>0x342</run_address>
         <size>0x7a</size>
         <input_file_ref idref="fl-2"/>
      </object_component>
      <object_component id="oc-16f">
         <name>.debug_line</name>
         <load_address>0x3bc</load_address>
         <run_address>0x3bc</run_address>
         <size>0x74</size>
         <input_file_ref idref="fl-2"/>
      </object_component>
      <object_component id="oc-16a">
         <name>.debug_line</name>
         <load_address>0x430</load_address>
         <run_address>0x430</run_address>
         <size>0x7e</size>
         <input_file_ref idref="fl-2"/>
      </object_component>
      <object_component id="oc-6f">
         <name>.debug_line</name>
         <load_address>0x4ae</load_address>
         <run_address>0x4ae</run_address>
         <size>0x41</size>
         <input_file_ref idref="fl-3"/>
      </object_component>
      <object_component id="oc-2e">
         <name>.debug_line</name>
         <load_address>0x4ef</load_address>
         <run_address>0x4ef</run_address>
         <size>0x41</size>
         <input_file_ref idref="fl-3"/>
      </object_component>
      <object_component id="oc-2b">
         <name>.debug_line</name>
         <load_address>0x530</load_address>
         <run_address>0x530</run_address>
         <size>0xa1</size>
         <input_file_ref idref="fl-3"/>
      </object_component>
      <object_component id="oc-39">
         <name>.debug_line</name>
         <load_address>0x5d1</load_address>
         <run_address>0x5d1</run_address>
         <size>0x20</size>
         <input_file_ref idref="fl-3"/>
      </object_component>
      <object_component id="oc-93">
         <name>.debug_line</name>
         <load_address>0x5f1</load_address>
         <run_address>0x5f1</run_address>
         <size>0x79</size>
         <input_file_ref idref="fl-be"/>
      </object_component>
      <object_component id="oc-c6">
         <name>.debug_line</name>
         <load_address>0x66a</load_address>
         <run_address>0x66a</run_address>
         <size>0x92</size>
         <input_file_ref idref="fl-bf"/>
      </object_component>
      <object_component id="oc-49">
         <name>.debug_line</name>
         <load_address>0x6fc</load_address>
         <run_address>0x6fc</run_address>
         <size>0x4c</size>
         <input_file_ref idref="fl-bf"/>
      </object_component>
      <object_component id="oc-8c">
         <name>.debug_line</name>
         <load_address>0x748</load_address>
         <run_address>0x748</run_address>
         <size>0x34</size>
         <input_file_ref idref="fl-bf"/>
      </object_component>
      <object_component id="oc-c3">
         <name>.debug_line</name>
         <load_address>0x77c</load_address>
         <run_address>0x77c</run_address>
         <size>0x92</size>
         <input_file_ref idref="fl-bf"/>
      </object_component>
      <object_component id="oc-6c">
         <name>.debug_line</name>
         <load_address>0x80e</load_address>
         <run_address>0x80e</run_address>
         <size>0x33</size>
         <input_file_ref idref="fl-c2"/>
      </object_component>
      <object_component id="oc-5e">
         <name>.debug_line</name>
         <load_address>0x841</load_address>
         <run_address>0x841</run_address>
         <size>0x45</size>
         <input_file_ref idref="fl-c2"/>
      </object_component>
      <object_component id="oc-206">
         <name>.debug_line</name>
         <load_address>0x886</load_address>
         <run_address>0x886</run_address>
         <size>0xbf</size>
         <input_file_ref idref="fl-c4"/>
      </object_component>
      <object_component id="oc-134">
         <name>.debug_line</name>
         <load_address>0x945</load_address>
         <run_address>0x945</run_address>
         <size>0x6f</size>
         <input_file_ref idref="fl-c4"/>
      </object_component>
      <object_component id="oc-20a">
         <name>.debug_line</name>
         <load_address>0x9b4</load_address>
         <run_address>0x9b4</run_address>
         <size>0x2e</size>
         <input_file_ref idref="fl-c4"/>
      </object_component>
      <object_component id="oc-228">
         <name>.debug_line</name>
         <load_address>0x9e2</load_address>
         <run_address>0x9e2</run_address>
         <size>0x9a</size>
         <input_file_ref idref="fl-c4"/>
      </object_component>
      <object_component id="oc-20f">
         <name>.debug_line</name>
         <load_address>0xa7c</load_address>
         <run_address>0xa7c</run_address>
         <size>0x97</size>
         <input_file_ref idref="fl-c4"/>
      </object_component>
      <object_component id="oc-214">
         <name>.debug_line</name>
         <load_address>0xb13</load_address>
         <run_address>0xb13</run_address>
         <size>0x93</size>
         <input_file_ref idref="fl-c4"/>
      </object_component>
      <object_component id="oc-98">
         <name>.debug_line</name>
         <load_address>0xba6</load_address>
         <run_address>0xba6</run_address>
         <size>0x40</size>
         <input_file_ref idref="fl-c5"/>
      </object_component>
      <object_component id="oc-12b">
         <name>.debug_line</name>
         <load_address>0xbe6</load_address>
         <run_address>0xbe6</run_address>
         <size>0x3c</size>
         <input_file_ref idref="fl-c7"/>
      </object_component>
      <object_component id="oc-1e4">
         <name>.debug_line</name>
         <load_address>0xc22</load_address>
         <run_address>0xc22</run_address>
         <size>0x82</size>
         <input_file_ref idref="fl-ca"/>
      </object_component>
      <object_component id="oc-1e2">
         <name>.debug_line</name>
         <load_address>0xca4</load_address>
         <run_address>0xca4</run_address>
         <size>0x7d</size>
         <input_file_ref idref="fl-ca"/>
      </object_component>
      <object_component id="oc-18a">
         <name>.debug_line</name>
         <load_address>0xd21</load_address>
         <run_address>0xd21</run_address>
         <size>0x95</size>
         <input_file_ref idref="fl-ca"/>
      </object_component>
      <object_component id="oc-190">
         <name>.debug_line</name>
         <load_address>0xdb6</load_address>
         <run_address>0xdb6</run_address>
         <size>0xc4</size>
         <input_file_ref idref="fl-ca"/>
      </object_component>
      <object_component id="oc-fd">
         <name>.debug_line</name>
         <load_address>0xe7a</load_address>
         <run_address>0xe7a</run_address>
         <size>0x99</size>
         <input_file_ref idref="fl-ca"/>
      </object_component>
      <object_component id="oc-f7">
         <name>.debug_line</name>
         <load_address>0xf13</load_address>
         <run_address>0xf13</run_address>
         <size>0xa7</size>
         <input_file_ref idref="fl-ca"/>
      </object_component>
      <object_component id="oc-1d4">
         <name>.debug_line</name>
         <load_address>0xfba</load_address>
         <run_address>0xfba</run_address>
         <size>0x71</size>
         <input_file_ref idref="fl-ca"/>
      </object_component>
      <object_component id="oc-1cd">
         <name>.debug_line</name>
         <load_address>0x102b</load_address>
         <run_address>0x102b</run_address>
         <size>0x75</size>
         <input_file_ref idref="fl-ca"/>
      </object_component>
      <object_component id="oc-1df">
         <name>.debug_line</name>
         <load_address>0x10a0</load_address>
         <run_address>0x10a0</run_address>
         <size>0x71</size>
         <input_file_ref idref="fl-ca"/>
      </object_component>
      <object_component id="oc-175">
         <name>.debug_line</name>
         <load_address>0x1111</load_address>
         <run_address>0x1111</run_address>
         <size>0x72</size>
         <input_file_ref idref="fl-ca"/>
      </object_component>
      <object_component id="oc-21f">
         <name>.debug_line</name>
         <load_address>0x1183</load_address>
         <run_address>0x1183</run_address>
         <size>0x7c</size>
         <input_file_ref idref="fl-cb"/>
      </object_component>
      <object_component id="oc-221">
         <name>.debug_line</name>
         <load_address>0x11ff</load_address>
         <run_address>0x11ff</run_address>
         <size>0x82</size>
         <input_file_ref idref="fl-cb"/>
      </object_component>
      <object_component id="oc-21d">
         <name>.debug_line</name>
         <load_address>0x1281</load_address>
         <run_address>0x1281</run_address>
         <size>0x82</size>
         <input_file_ref idref="fl-cb"/>
      </object_component>
      <object_component id="oc-19c">
         <name>.debug_line</name>
         <load_address>0x1303</load_address>
         <run_address>0x1303</run_address>
         <size>0xaf</size>
         <input_file_ref idref="fl-cb"/>
      </object_component>
      <object_component id="oc-1a5">
         <name>.debug_line</name>
         <load_address>0x13b2</load_address>
         <run_address>0x13b2</run_address>
         <size>0xc2</size>
         <input_file_ref idref="fl-cb"/>
      </object_component>
      <object_component id="oc-1d7">
         <name>.debug_line</name>
         <load_address>0x1474</load_address>
         <run_address>0x1474</run_address>
         <size>0x13d</size>
         <input_file_ref idref="fl-cc"/>
      </object_component>
      <object_component id="oc-f1">
         <name>.debug_line</name>
         <load_address>0x15b1</load_address>
         <run_address>0x15b1</run_address>
         <size>0x94</size>
         <input_file_ref idref="fl-cc"/>
      </object_component>
      <object_component id="oc-eb">
         <name>.debug_line</name>
         <load_address>0x1645</load_address>
         <run_address>0x1645</run_address>
         <size>0xee</size>
         <input_file_ref idref="fl-cc"/>
      </object_component>
      <object_component id="oc-1da">
         <name>.debug_line</name>
         <load_address>0x1733</load_address>
         <run_address>0x1733</run_address>
         <size>0x7f</size>
         <input_file_ref idref="fl-cc"/>
      </object_component>
      <object_component id="oc-1d0">
         <name>.debug_line</name>
         <load_address>0x17b2</load_address>
         <run_address>0x17b2</run_address>
         <size>0x82</size>
         <input_file_ref idref="fl-cd"/>
      </object_component>
      <object_component id="oc-219">
         <name>.debug_line</name>
         <load_address>0x1834</load_address>
         <run_address>0x1834</run_address>
         <size>0x7d</size>
         <input_file_ref idref="fl-cd"/>
      </object_component>
      <object_component id="oc-21b">
         <name>.debug_line</name>
         <load_address>0x18b1</load_address>
         <run_address>0x18b1</run_address>
         <size>0x7d</size>
         <input_file_ref idref="fl-cd"/>
      </object_component>
      <object_component id="oc-df">
         <name>.debug_line</name>
         <load_address>0x192e</load_address>
         <run_address>0x192e</run_address>
         <size>0x92</size>
         <input_file_ref idref="fl-cd"/>
      </object_component>
      <object_component id="oc-199">
         <name>.debug_line</name>
         <load_address>0x19c0</load_address>
         <run_address>0x19c0</run_address>
         <size>0xa5</size>
         <input_file_ref idref="fl-cd"/>
      </object_component>
      <object_component id="oc-cd">
         <name>.debug_line</name>
         <load_address>0x1a65</load_address>
         <run_address>0x1a65</run_address>
         <size>0x92</size>
         <input_file_ref idref="fl-cd"/>
      </object_component>
      <object_component id="oc-115">
         <name>.debug_line</name>
         <load_address>0x1af7</load_address>
         <run_address>0x1af7</run_address>
         <size>0x99</size>
         <input_file_ref idref="fl-cd"/>
      </object_component>
      <object_component id="oc-11b">
         <name>.debug_line</name>
         <load_address>0x1b90</load_address>
         <run_address>0x1b90</run_address>
         <size>0x92</size>
         <input_file_ref idref="fl-cd"/>
      </object_component>
      <object_component id="oc-d3">
         <name>.debug_line</name>
         <load_address>0x1c22</load_address>
         <run_address>0x1c22</run_address>
         <size>0x92</size>
         <input_file_ref idref="fl-cd"/>
      </object_component>
      <object_component id="oc-121">
         <name>.debug_line</name>
         <load_address>0x1cb4</load_address>
         <run_address>0x1cb4</run_address>
         <size>0x93</size>
         <input_file_ref idref="fl-cd"/>
      </object_component>
      <object_component id="oc-103">
         <name>.debug_line</name>
         <load_address>0x1d47</load_address>
         <run_address>0x1d47</run_address>
         <size>0x96</size>
         <input_file_ref idref="fl-cd"/>
      </object_component>
      <object_component id="oc-10f">
         <name>.debug_line</name>
         <load_address>0x1ddd</load_address>
         <run_address>0x1ddd</run_address>
         <size>0xb3</size>
         <input_file_ref idref="fl-cd"/>
      </object_component>
      <object_component id="oc-109">
         <name>.debug_line</name>
         <load_address>0x1e90</load_address>
         <run_address>0x1e90</run_address>
         <size>0x92</size>
         <input_file_ref idref="fl-cd"/>
      </object_component>
      <object_component id="oc-e5">
         <name>.debug_line</name>
         <load_address>0x1f22</load_address>
         <run_address>0x1f22</run_address>
         <size>0x97</size>
         <input_file_ref idref="fl-cd"/>
      </object_component>
      <object_component id="oc-d9">
         <name>.debug_line</name>
         <load_address>0x1fb9</load_address>
         <run_address>0x1fb9</run_address>
         <size>0x92</size>
         <input_file_ref idref="fl-cd"/>
      </object_component>
      <object_component id="oc-a0">
         <name>.debug_frame</name>
         <load_address>0x0</load_address>
         <run_address>0x0</run_address>
         <size>0xb4</size>
         <input_file_ref idref="fl-2"/>
      </object_component>
      <object_component id="oc-2c">
         <name>.debug_frame</name>
         <load_address>0xb4</load_address>
         <run_address>0xb4</run_address>
         <size>0x90</size>
         <input_file_ref idref="fl-3"/>
      </object_component>
      <object_component id="oc-4a">
         <name>.debug_frame</name>
         <load_address>0x144</load_address>
         <run_address>0x144</run_address>
         <size>0x54</size>
         <input_file_ref idref="fl-bf"/>
      </object_component>
      <object_component id="oc-5b">
         <name>.debug_frame</name>
         <load_address>0x198</load_address>
         <run_address>0x198</run_address>
         <size>0x50</size>
         <input_file_ref idref="fl-c2"/>
      </object_component>
      <object_component id="oc-138">
         <name>.debug_frame</name>
         <load_address>0x1e8</load_address>
         <run_address>0x1e8</run_address>
         <size>0x5c</size>
         <input_file_ref idref="fl-c4"/>
      </object_component>
      <object_component id="oc-96">
         <name>.debug_frame</name>
         <load_address>0x244</load_address>
         <run_address>0x244</run_address>
         <size>0x54</size>
         <input_file_ref idref="fl-c5"/>
      </object_component>
      <object_component id="oc-12c">
         <name>.debug_frame</name>
         <load_address>0x298</load_address>
         <run_address>0x298</run_address>
         <size>0x54</size>
         <input_file_ref idref="fl-c7"/>
      </object_component>
      <object_component id="oc-189">
         <name>.debug_frame</name>
         <load_address>0x2ec</load_address>
         <run_address>0x2ec</run_address>
         <size>0x54</size>
         <input_file_ref idref="fl-ca"/>
      </object_component>
      <object_component id="oc-18f">
         <name>.debug_frame</name>
         <load_address>0x340</load_address>
         <run_address>0x340</run_address>
         <size>0x68</size>
         <input_file_ref idref="fl-ca"/>
      </object_component>
      <object_component id="oc-fe">
         <name>.debug_frame</name>
         <load_address>0x3a8</load_address>
         <run_address>0x3a8</run_address>
         <size>0x58</size>
         <input_file_ref idref="fl-ca"/>
      </object_component>
      <object_component id="oc-f8">
         <name>.debug_frame</name>
         <load_address>0x400</load_address>
         <run_address>0x400</run_address>
         <size>0x58</size>
         <input_file_ref idref="fl-ca"/>
      </object_component>
      <object_component id="oc-1a0">
         <name>.debug_frame</name>
         <load_address>0x458</load_address>
         <run_address>0x458</run_address>
         <size>0x60</size>
         <input_file_ref idref="fl-cb"/>
      </object_component>
      <object_component id="oc-1a6">
         <name>.debug_frame</name>
         <load_address>0x4b8</load_address>
         <run_address>0x4b8</run_address>
         <size>0x54</size>
         <input_file_ref idref="fl-cb"/>
      </object_component>
      <object_component id="oc-f2">
         <name>.debug_frame</name>
         <load_address>0x50c</load_address>
         <run_address>0x50c</run_address>
         <size>0x54</size>
         <input_file_ref idref="fl-cc"/>
      </object_component>
      <object_component id="oc-ec">
         <name>.debug_frame</name>
         <load_address>0x560</load_address>
         <run_address>0x560</run_address>
         <size>0x68</size>
         <input_file_ref idref="fl-cc"/>
      </object_component>
      <object_component id="oc-e0">
         <name>.debug_frame</name>
         <load_address>0x5c8</load_address>
         <run_address>0x5c8</run_address>
         <size>0x54</size>
         <input_file_ref idref="fl-cd"/>
      </object_component>
      <object_component id="oc-19a">
         <name>.debug_frame</name>
         <load_address>0x61c</load_address>
         <run_address>0x61c</run_address>
         <size>0x54</size>
         <input_file_ref idref="fl-cd"/>
      </object_component>
      <object_component id="oc-ce">
         <name>.debug_frame</name>
         <load_address>0x670</load_address>
         <run_address>0x670</run_address>
         <size>0x54</size>
         <input_file_ref idref="fl-cd"/>
      </object_component>
      <object_component id="oc-116">
         <name>.debug_frame</name>
         <load_address>0x6c4</load_address>
         <run_address>0x6c4</run_address>
         <size>0x5c</size>
         <input_file_ref idref="fl-cd"/>
      </object_component>
      <object_component id="oc-11c">
         <name>.debug_frame</name>
         <load_address>0x720</load_address>
         <run_address>0x720</run_address>
         <size>0x54</size>
         <input_file_ref idref="fl-cd"/>
      </object_component>
      <object_component id="oc-d4">
         <name>.debug_frame</name>
         <load_address>0x774</load_address>
         <run_address>0x774</run_address>
         <size>0x54</size>
         <input_file_ref idref="fl-cd"/>
      </object_component>
      <object_component id="oc-122">
         <name>.debug_frame</name>
         <load_address>0x7c8</load_address>
         <run_address>0x7c8</run_address>
         <size>0x54</size>
         <input_file_ref idref="fl-cd"/>
      </object_component>
      <object_component id="oc-104">
         <name>.debug_frame</name>
         <load_address>0x81c</load_address>
         <run_address>0x81c</run_address>
         <size>0x54</size>
         <input_file_ref idref="fl-cd"/>
      </object_component>
      <object_component id="oc-110">
         <name>.debug_frame</name>
         <load_address>0x870</load_address>
         <run_address>0x870</run_address>
         <size>0x5c</size>
         <input_file_ref idref="fl-cd"/>
      </object_component>
      <object_component id="oc-10a">
         <name>.debug_frame</name>
         <load_address>0x8cc</load_address>
         <run_address>0x8cc</run_address>
         <size>0x54</size>
         <input_file_ref idref="fl-cd"/>
      </object_component>
      <object_component id="oc-e6">
         <name>.debug_frame</name>
         <load_address>0x920</load_address>
         <run_address>0x920</run_address>
         <size>0x54</size>
         <input_file_ref idref="fl-cd"/>
      </object_component>
      <object_component id="oc-da">
         <name>.debug_frame</name>
         <load_address>0x974</load_address>
         <run_address>0x974</run_address>
         <size>0x54</size>
         <input_file_ref idref="fl-cd"/>
      </object_component>
      <object_component id="oc-165">
         <name>.debug_abbrev</name>
         <load_address>0x0</load_address>
         <run_address>0x0</run_address>
         <size>0xf3</size>
         <input_file_ref idref="fl-2"/>
      </object_component>
      <object_component id="oc-126">
         <name>.debug_abbrev</name>
         <load_address>0xf3</load_address>
         <run_address>0xf3</run_address>
         <size>0xb4</size>
         <input_file_ref idref="fl-2"/>
      </object_component>
      <object_component id="oc-72">
         <name>.debug_abbrev</name>
         <load_address>0x1a7</load_address>
         <run_address>0x1a7</run_address>
         <size>0x69</size>
         <input_file_ref idref="fl-2"/>
      </object_component>
      <object_component id="oc-b4">
         <name>.debug_abbrev</name>
         <load_address>0x210</load_address>
         <run_address>0x210</run_address>
         <size>0x1f</size>
         <input_file_ref idref="fl-2"/>
      </object_component>
      <object_component id="oc-af">
         <name>.debug_abbrev</name>
         <load_address>0x22f</load_address>
         <run_address>0x22f</run_address>
         <size>0x5c</size>
         <input_file_ref idref="fl-2"/>
      </object_component>
      <object_component id="oc-77">
         <name>.debug_abbrev</name>
         <load_address>0x28b</load_address>
         <run_address>0x28b</run_address>
         <size>0x24</size>
         <input_file_ref idref="fl-2"/>
      </object_component>
      <object_component id="oc-16e">
         <name>.debug_abbrev</name>
         <load_address>0x2af</load_address>
         <run_address>0x2af</run_address>
         <size>0x5c</size>
         <input_file_ref idref="fl-2"/>
      </object_component>
      <object_component id="oc-169">
         <name>.debug_abbrev</name>
         <load_address>0x30b</load_address>
         <run_address>0x30b</run_address>
         <size>0x33</size>
         <input_file_ref idref="fl-2"/>
      </object_component>
      <object_component id="oc-6e">
         <name>.debug_abbrev</name>
         <load_address>0x33e</load_address>
         <run_address>0x33e</run_address>
         <size>0x68</size>
         <input_file_ref idref="fl-3"/>
      </object_component>
      <object_component id="oc-2d">
         <name>.debug_abbrev</name>
         <load_address>0x3a6</load_address>
         <run_address>0x3a6</run_address>
         <size>0x29</size>
         <input_file_ref idref="fl-3"/>
      </object_component>
      <object_component id="oc-6d">
         <name>.debug_abbrev</name>
         <load_address>0x3cf</load_address>
         <run_address>0x3cf</run_address>
         <size>0x79</size>
         <input_file_ref idref="fl-3"/>
      </object_component>
      <object_component id="oc-38">
         <name>.debug_abbrev</name>
         <load_address>0x448</load_address>
         <run_address>0x448</run_address>
         <size>0x1f</size>
         <input_file_ref idref="fl-3"/>
      </object_component>
      <object_component id="oc-c7">
         <name>.debug_abbrev</name>
         <load_address>0x467</load_address>
         <run_address>0x467</run_address>
         <size>0x4f</size>
         <input_file_ref idref="fl-be"/>
      </object_component>
      <object_component id="oc-c5">
         <name>.debug_abbrev</name>
         <load_address>0x4b6</load_address>
         <run_address>0x4b6</run_address>
         <size>0x5d</size>
         <input_file_ref idref="fl-bf"/>
      </object_component>
      <object_component id="oc-88">
         <name>.debug_abbrev</name>
         <load_address>0x513</load_address>
         <run_address>0x513</run_address>
         <size>0x6f</size>
         <input_file_ref idref="fl-bf"/>
      </object_component>
      <object_component id="oc-8b">
         <name>.debug_abbrev</name>
         <load_address>0x582</load_address>
         <run_address>0x582</run_address>
         <size>0x24</size>
         <input_file_ref idref="fl-bf"/>
      </object_component>
      <object_component id="oc-c2">
         <name>.debug_abbrev</name>
         <load_address>0x5a6</load_address>
         <run_address>0x5a6</run_address>
         <size>0x24</size>
         <input_file_ref idref="fl-bf"/>
      </object_component>
      <object_component id="oc-6b">
         <name>.debug_abbrev</name>
         <load_address>0x5ca</load_address>
         <run_address>0x5ca</run_address>
         <size>0x29</size>
         <input_file_ref idref="fl-c2"/>
      </object_component>
      <object_component id="oc-a4">
         <name>.debug_abbrev</name>
         <load_address>0x5f3</load_address>
         <run_address>0x5f3</run_address>
         <size>0x55</size>
         <input_file_ref idref="fl-c2"/>
      </object_component>
      <object_component id="oc-205">
         <name>.debug_abbrev</name>
         <load_address>0x648</load_address>
         <run_address>0x648</run_address>
         <size>0xc0</size>
         <input_file_ref idref="fl-c4"/>
      </object_component>
      <object_component id="oc-1b4">
         <name>.debug_abbrev</name>
         <load_address>0x708</load_address>
         <run_address>0x708</run_address>
         <size>0x7e</size>
         <input_file_ref idref="fl-c4"/>
      </object_component>
      <object_component id="oc-209">
         <name>.debug_abbrev</name>
         <load_address>0x786</load_address>
         <run_address>0x786</run_address>
         <size>0x24</size>
         <input_file_ref idref="fl-c4"/>
      </object_component>
      <object_component id="oc-227">
         <name>.debug_abbrev</name>
         <load_address>0x7aa</load_address>
         <run_address>0x7aa</run_address>
         <size>0x24</size>
         <input_file_ref idref="fl-c4"/>
      </object_component>
      <object_component id="oc-20e">
         <name>.debug_abbrev</name>
         <load_address>0x7ce</load_address>
         <run_address>0x7ce</run_address>
         <size>0x24</size>
         <input_file_ref idref="fl-c4"/>
      </object_component>
      <object_component id="oc-213">
         <name>.debug_abbrev</name>
         <load_address>0x7f2</load_address>
         <run_address>0x7f2</run_address>
         <size>0x4b</size>
         <input_file_ref idref="fl-c4"/>
      </object_component>
      <object_component id="oc-c8">
         <name>.debug_abbrev</name>
         <load_address>0x83d</load_address>
         <run_address>0x83d</run_address>
         <size>0x55</size>
         <input_file_ref idref="fl-c5"/>
      </object_component>
      <object_component id="oc-1aa">
         <name>.debug_abbrev</name>
         <load_address>0x892</load_address>
         <run_address>0x892</run_address>
         <size>0x45</size>
         <input_file_ref idref="fl-c7"/>
      </object_component>
      <object_component id="oc-1e3">
         <name>.debug_abbrev</name>
         <load_address>0x8d7</load_address>
         <run_address>0x8d7</run_address>
         <size>0x7d</size>
         <input_file_ref idref="fl-ca"/>
      </object_component>
      <object_component id="oc-1e1">
         <name>.debug_abbrev</name>
         <load_address>0x954</load_address>
         <run_address>0x954</run_address>
         <size>0x27</size>
         <input_file_ref idref="fl-ca"/>
      </object_component>
      <object_component id="oc-1e5">
         <name>.debug_abbrev</name>
         <load_address>0x97b</load_address>
         <run_address>0x97b</run_address>
         <size>0x6c</size>
         <input_file_ref idref="fl-ca"/>
      </object_component>
      <object_component id="oc-1e6">
         <name>.debug_abbrev</name>
         <load_address>0x9e7</load_address>
         <run_address>0x9e7</run_address>
         <size>0x6c</size>
         <input_file_ref idref="fl-ca"/>
      </object_component>
      <object_component id="oc-191">
         <name>.debug_abbrev</name>
         <load_address>0xa53</load_address>
         <run_address>0xa53</run_address>
         <size>0x7a</size>
         <input_file_ref idref="fl-ca"/>
      </object_component>
      <object_component id="oc-183">
         <name>.debug_abbrev</name>
         <load_address>0xacd</load_address>
         <run_address>0xacd</run_address>
         <size>0x6c</size>
         <input_file_ref idref="fl-ca"/>
      </object_component>
      <object_component id="oc-1d3">
         <name>.debug_abbrev</name>
         <load_address>0xb39</load_address>
         <run_address>0xb39</run_address>
         <size>0x69</size>
         <input_file_ref idref="fl-ca"/>
      </object_component>
      <object_component id="oc-1cc">
         <name>.debug_abbrev</name>
         <load_address>0xba2</load_address>
         <run_address>0xba2</run_address>
         <size>0x5c</size>
         <input_file_ref idref="fl-ca"/>
      </object_component>
      <object_component id="oc-1de">
         <name>.debug_abbrev</name>
         <load_address>0xbfe</load_address>
         <run_address>0xbfe</run_address>
         <size>0x24</size>
         <input_file_ref idref="fl-ca"/>
      </object_component>
      <object_component id="oc-174">
         <name>.debug_abbrev</name>
         <load_address>0xc22</load_address>
         <run_address>0xc22</run_address>
         <size>0x24</size>
         <input_file_ref idref="fl-ca"/>
      </object_component>
      <object_component id="oc-21e">
         <name>.debug_abbrev</name>
         <load_address>0xc46</load_address>
         <run_address>0xc46</run_address>
         <size>0x99</size>
         <input_file_ref idref="fl-cb"/>
      </object_component>
      <object_component id="oc-220">
         <name>.debug_abbrev</name>
         <load_address>0xcdf</load_address>
         <run_address>0xcdf</run_address>
         <size>0x27</size>
         <input_file_ref idref="fl-cb"/>
      </object_component>
      <object_component id="oc-21c">
         <name>.debug_abbrev</name>
         <load_address>0xd06</load_address>
         <run_address>0xd06</run_address>
         <size>0x29</size>
         <input_file_ref idref="fl-cb"/>
      </object_component>
      <object_component id="oc-1f1">
         <name>.debug_abbrev</name>
         <load_address>0xd2f</load_address>
         <run_address>0xd2f</run_address>
         <size>0x6c</size>
         <input_file_ref idref="fl-cb"/>
      </object_component>
      <object_component id="oc-1f6">
         <name>.debug_abbrev</name>
         <load_address>0xd9b</load_address>
         <run_address>0xd9b</run_address>
         <size>0x6c</size>
         <input_file_ref idref="fl-cb"/>
      </object_component>
      <object_component id="oc-1d6">
         <name>.debug_abbrev</name>
         <load_address>0xe07</load_address>
         <run_address>0xe07</run_address>
         <size>0xbb</size>
         <input_file_ref idref="fl-cc"/>
      </object_component>
      <object_component id="oc-17f">
         <name>.debug_abbrev</name>
         <load_address>0xec2</load_address>
         <run_address>0xec2</run_address>
         <size>0x6c</size>
         <input_file_ref idref="fl-cc"/>
      </object_component>
      <object_component id="oc-17d">
         <name>.debug_abbrev</name>
         <load_address>0xf2e</load_address>
         <run_address>0xf2e</run_address>
         <size>0x7a</size>
         <input_file_ref idref="fl-cc"/>
      </object_component>
      <object_component id="oc-1d9">
         <name>.debug_abbrev</name>
         <load_address>0xfa8</load_address>
         <run_address>0xfa8</run_address>
         <size>0x38</size>
         <input_file_ref idref="fl-cc"/>
      </object_component>
      <object_component id="oc-1cf">
         <name>.debug_abbrev</name>
         <load_address>0xfe0</load_address>
         <run_address>0xfe0</run_address>
         <size>0x7d</size>
         <input_file_ref idref="fl-cd"/>
      </object_component>
      <object_component id="oc-218">
         <name>.debug_abbrev</name>
         <load_address>0x105d</load_address>
         <run_address>0x105d</run_address>
         <size>0x27</size>
         <input_file_ref idref="fl-cd"/>
      </object_component>
      <object_component id="oc-21a">
         <name>.debug_abbrev</name>
         <load_address>0x1084</load_address>
         <run_address>0x1084</run_address>
         <size>0x27</size>
         <input_file_ref idref="fl-cd"/>
      </object_component>
      <object_component id="oc-17a">
         <name>.debug_abbrev</name>
         <load_address>0x10ab</load_address>
         <run_address>0x10ab</run_address>
         <size>0x6e</size>
         <input_file_ref idref="fl-cd"/>
      </object_component>
      <object_component id="oc-1ed">
         <name>.debug_abbrev</name>
         <load_address>0x1119</load_address>
         <run_address>0x1119</run_address>
         <size>0x6c</size>
         <input_file_ref idref="fl-cd"/>
      </object_component>
      <object_component id="oc-171">
         <name>.debug_abbrev</name>
         <load_address>0x1185</load_address>
         <run_address>0x1185</run_address>
         <size>0x6e</size>
         <input_file_ref idref="fl-cd"/>
      </object_component>
      <object_component id="oc-1a7">
         <name>.debug_abbrev</name>
         <load_address>0x11f3</load_address>
         <run_address>0x11f3</run_address>
         <size>0x7a</size>
         <input_file_ref idref="fl-cd"/>
      </object_component>
      <object_component id="oc-1a8">
         <name>.debug_abbrev</name>
         <load_address>0x126d</load_address>
         <run_address>0x126d</run_address>
         <size>0x6c</size>
         <input_file_ref idref="fl-cd"/>
      </object_component>
      <object_component id="oc-178">
         <name>.debug_abbrev</name>
         <load_address>0x12d9</load_address>
         <run_address>0x12d9</run_address>
         <size>0x6c</size>
         <input_file_ref idref="fl-cd"/>
      </object_component>
      <object_component id="oc-1a9">
         <name>.debug_abbrev</name>
         <load_address>0x1345</load_address>
         <run_address>0x1345</run_address>
         <size>0x6c</size>
         <input_file_ref idref="fl-cd"/>
      </object_component>
      <object_component id="oc-192">
         <name>.debug_abbrev</name>
         <load_address>0x13b1</load_address>
         <run_address>0x13b1</run_address>
         <size>0x6c</size>
         <input_file_ref idref="fl-cd"/>
      </object_component>
      <object_component id="oc-194">
         <name>.debug_abbrev</name>
         <load_address>0x141d</load_address>
         <run_address>0x141d</run_address>
         <size>0x7a</size>
         <input_file_ref idref="fl-cd"/>
      </object_component>
      <object_component id="oc-193">
         <name>.debug_abbrev</name>
         <load_address>0x1497</load_address>
         <run_address>0x1497</run_address>
         <size>0x6c</size>
         <input_file_ref idref="fl-cd"/>
      </object_component>
      <object_component id="oc-17b">
         <name>.debug_abbrev</name>
         <load_address>0x1503</load_address>
         <run_address>0x1503</run_address>
         <size>0x6e</size>
         <input_file_ref idref="fl-cd"/>
      </object_component>
      <object_component id="oc-179">
         <name>.debug_abbrev</name>
         <load_address>0x1571</load_address>
         <run_address>0x1571</run_address>
         <size>0x6e</size>
         <input_file_ref idref="fl-cd"/>
      </object_component>
      <object_component id="oc-261">
         <name>.debug_abbrev</name>
         <load_address>0x15df</load_address>
         <run_address>0x15df</run_address>
         <size>0xf</size>
      </object_component>
      <object_component id="oc-74">
         <name>.debug_str</name>
         <load_address>0x0</load_address>
         <run_address>0x0</run_address>
         <size>0x2aa</size>
         <input_file_ref idref="fl-2"/>
      </object_component>
      <object_component id="oc-b6">
         <name>.debug_str</name>
         <load_address>0x2aa</load_address>
         <run_address>0x2aa</run_address>
         <size>0xfd</size>
         <input_file_ref idref="fl-2"/>
      </object_component>
      <object_component id="oc-b1">
         <name>.debug_str</name>
         <load_address>0x3a7</load_address>
         <run_address>0x3a7</run_address>
         <size>0x340</size>
         <input_file_ref idref="fl-2"/>
      </object_component>
      <object_component id="oc-79">
         <name>.debug_str</name>
         <load_address>0x6e7</load_address>
         <run_address>0x6e7</run_address>
         <size>0x142</size>
         <input_file_ref idref="fl-2"/>
      </object_component>
      <object_component id="oc-170">
         <name>.debug_str</name>
         <load_address>0x829</load_address>
         <run_address>0x829</run_address>
         <size>0x111</size>
         <input_file_ref idref="fl-2"/>
      </object_component>
      <object_component id="oc-16b">
         <name>.debug_str</name>
         <load_address>0x93a</load_address>
         <run_address>0x93a</run_address>
         <size>0xf0</size>
         <input_file_ref idref="fl-2"/>
      </object_component>
      <object_component id="oc-3a">
         <name>.debug_str</name>
         <load_address>0xa2a</load_address>
         <run_address>0xa2a</run_address>
         <size>0xfd</size>
         <input_file_ref idref="fl-3"/>
      </object_component>
      <object_component id="oc-8d">
         <name>.debug_str</name>
         <load_address>0xb27</load_address>
         <run_address>0xb27</run_address>
         <size>0x105</size>
         <input_file_ref idref="fl-bf"/>
      </object_component>
      <object_component id="oc-c4">
         <name>.debug_str</name>
         <load_address>0xc2c</load_address>
         <run_address>0xc2c</run_address>
         <size>0x140</size>
         <input_file_ref idref="fl-bf"/>
      </object_component>
      <object_component id="oc-20b">
         <name>.debug_str</name>
         <load_address>0xd6c</load_address>
         <run_address>0xd6c</run_address>
         <size>0xed</size>
         <input_file_ref idref="fl-c4"/>
      </object_component>
      <object_component id="oc-229">
         <name>.debug_str</name>
         <load_address>0xe59</load_address>
         <run_address>0xe59</run_address>
         <size>0x157</size>
         <input_file_ref idref="fl-c4"/>
      </object_component>
      <object_component id="oc-210">
         <name>.debug_str</name>
         <load_address>0xfb0</load_address>
         <run_address>0xfb0</run_address>
         <size>0x150</size>
         <input_file_ref idref="fl-c4"/>
      </object_component>
      <object_component id="oc-215">
         <name>.debug_str</name>
         <load_address>0x1100</load_address>
         <run_address>0x1100</run_address>
         <size>0x197</size>
         <input_file_ref idref="fl-c4"/>
      </object_component>
      <object_component id="oc-1d5">
         <name>.debug_str</name>
         <load_address>0x1297</load_address>
         <run_address>0x1297</run_address>
         <size>0x2df</size>
         <input_file_ref idref="fl-ca"/>
      </object_component>
      <object_component id="oc-1ce">
         <name>.debug_str</name>
         <load_address>0x1576</load_address>
         <run_address>0x1576</run_address>
         <size>0x36e</size>
         <input_file_ref idref="fl-ca"/>
      </object_component>
      <object_component id="oc-1e0">
         <name>.debug_str</name>
         <load_address>0x18e4</load_address>
         <run_address>0x18e4</run_address>
         <size>0x1ea</size>
         <input_file_ref idref="fl-ca"/>
      </object_component>
      <object_component id="oc-176">
         <name>.debug_str</name>
         <load_address>0x1ace</load_address>
         <run_address>0x1ace</run_address>
         <size>0x177</size>
         <input_file_ref idref="fl-ca"/>
      </object_component>
      <object_component id="oc-1db">
         <name>.debug_str</name>
         <load_address>0x1c45</load_address>
         <run_address>0x1c45</run_address>
         <size>0x138</size>
         <input_file_ref idref="fl-cc"/>
      </object_component>
      <object_component id="oc-9f">
         <name>.debug_aranges</name>
         <load_address>0x0</load_address>
         <run_address>0x0</run_address>
         <size>0x38</size>
         <input_file_ref idref="fl-2"/>
      </object_component>
      <object_component id="oc-2a">
         <name>.debug_aranges</name>
         <load_address>0x38</load_address>
         <run_address>0x38</run_address>
         <size>0x38</size>
         <input_file_ref idref="fl-3"/>
      </object_component>
      <object_component id="oc-91">
         <name>.debug_aranges</name>
         <load_address>0x70</load_address>
         <run_address>0x70</run_address>
         <size>0x28</size>
         <input_file_ref idref="fl-be"/>
      </object_component>
      <object_component id="oc-48">
         <name>.debug_aranges</name>
         <load_address>0x98</load_address>
         <run_address>0x98</run_address>
         <size>0x20</size>
         <input_file_ref idref="fl-bf"/>
      </object_component>
      <object_component id="oc-5a">
         <name>.debug_aranges</name>
         <load_address>0xb8</load_address>
         <run_address>0xb8</run_address>
         <size>0x20</size>
         <input_file_ref idref="fl-c2"/>
      </object_component>
      <object_component id="oc-136">
         <name>.debug_aranges</name>
         <load_address>0xd8</load_address>
         <run_address>0xd8</run_address>
         <size>0x20</size>
         <input_file_ref idref="fl-c4"/>
      </object_component>
      <object_component id="oc-97">
         <name>.debug_aranges</name>
         <load_address>0xf8</load_address>
         <run_address>0xf8</run_address>
         <size>0x20</size>
         <input_file_ref idref="fl-c5"/>
      </object_component>
      <object_component id="oc-128">
         <name>.debug_aranges</name>
         <load_address>0x118</load_address>
         <run_address>0x118</run_address>
         <size>0x20</size>
         <input_file_ref idref="fl-c7"/>
      </object_component>
      <object_component id="oc-187">
         <name>.debug_aranges</name>
         <load_address>0x138</load_address>
         <run_address>0x138</run_address>
         <size>0x20</size>
         <input_file_ref idref="fl-ca"/>
      </object_component>
      <object_component id="oc-18d">
         <name>.debug_aranges</name>
         <load_address>0x158</load_address>
         <run_address>0x158</run_address>
         <size>0x20</size>
         <input_file_ref idref="fl-ca"/>
      </object_component>
      <object_component id="oc-fb">
         <name>.debug_aranges</name>
         <load_address>0x178</load_address>
         <run_address>0x178</run_address>
         <size>0x20</size>
         <input_file_ref idref="fl-ca"/>
      </object_component>
      <object_component id="oc-f5">
         <name>.debug_aranges</name>
         <load_address>0x198</load_address>
         <run_address>0x198</run_address>
         <size>0x20</size>
         <input_file_ref idref="fl-ca"/>
      </object_component>
      <object_component id="oc-19e">
         <name>.debug_aranges</name>
         <load_address>0x1b8</load_address>
         <run_address>0x1b8</run_address>
         <size>0x20</size>
         <input_file_ref idref="fl-cb"/>
      </object_component>
      <object_component id="oc-1a4">
         <name>.debug_aranges</name>
         <load_address>0x1d8</load_address>
         <run_address>0x1d8</run_address>
         <size>0x20</size>
         <input_file_ref idref="fl-cb"/>
      </object_component>
[...]
            <object_component_ref idref="oc-3a"/>
            <object_component_ref idref="oc-8d"/>
            <object_component_ref idref="oc-c4"/>
            <object_component_ref idref="oc-20b"/>
            <object_component_ref idref="oc-229"/>
            <object_component_ref idref="oc-210"/>
            <object_component_ref idref="oc-215"/>
            <object_component_ref idref="oc-1d5"/>
            <object_component_ref idref="oc-1ce"/>
            <object_component_ref idref="oc-1e0"/>
            <object_component_ref idref="oc-176"/>
            <object_component_ref idref="oc-1db"/>
         </contents>
      </logical_group>
      <logical_group id="lg-24c" display="never" color="cyan">
         <name>.debug_aranges</name>
         <load_address>0x0</load_address>
         <run_address>0x0</run_address>
         <size>0x3b8</size>
         <contents>
            <object_component_ref idref="oc-9f"/>
            <object_component_ref idref="oc-2a"/>
            <object_component_ref idref="oc-91"/>
            <object_component_ref idref="oc-48"/>
            <object_component_ref idref="oc-5a"/>
            <object_component_ref idref="oc-136"/>
            <object_component_ref idref="oc-97"/>
            <object_component_ref idref="oc-128"/>
            <object_component_ref idref="oc-187"/>
            <object_component_ref idref="oc-18d"/>
            <object_component_ref idref="oc-fb"/>
            <object_component_ref idref="oc-f5"/>
            <object_component_ref idref="oc-19e"/>
            <object_component_ref idref="oc-1a4"/>
            <object_component_ref idref="oc-ef"/>
            <object_component_ref idref="oc-e9"/>
            <object_component_ref idref="oc-dd"/>
            <object_component_ref idref="oc-197"/>
            <object_component_ref idref="oc-ca"/>
            <object_component_ref idref="oc-112"/>
            <object_component_ref idref="oc-118"/>
            <object_component_ref idref="oc-d0"/>
            <object_component_ref idref="oc-11e"/>
            <object_component_ref idref="oc-100"/>
            <object_component_ref idref="oc-10c"/>
            <object_component_ref idref="oc-106"/>
            <object_component_ref idref="oc-e2"/>
            <object_component_ref idref="oc-d6"/>
         </contents>
      </logical_group>
      <logical_group id="lg-24e" display="never" color="cyan">
         <name>.debug_pubnames</name>
         <load_address>0x0</load_address>
         <run_address>0x0</run_address>
         <size>0x5e4</size>
         <contents>
            <object_component_ref idref="oc-b8"/>
            <object_component_ref idref="oc-9e"/>
            <object_component_ref idref="oc-14"/>
            <object_component_ref idref="oc-29"/>
            <object_component_ref idref="oc-92"/>
            <object_component_ref idref="oc-4c"/>
            <object_component_ref idref="oc-26"/>
            <object_component_ref idref="oc-5d"/>
            <object_component_ref idref="oc-137"/>
            <object_component_ref idref="oc-9a"/>
            <object_component_ref idref="oc-12a"/>
            <object_component_ref idref="oc-182"/>
            <object_component_ref idref="oc-188"/>
            <object_component_ref idref="oc-18e"/>
            <object_component_ref idref="oc-fc"/>
            <object_component_ref idref="oc-f6"/>
            <object_component_ref idref="oc-1f5"/>
            <object_component_ref idref="oc-1f0"/>
            <object_component_ref idref="oc-19f"/>
            <object_component_ref idref="oc-1a3"/>
            <object_component_ref idref="oc-f0"/>
            <object_component_ref idref="oc-ea"/>
            <object_component_ref idref="oc-1e9"/>
            <object_component_ref idref="oc-1ec"/>
            <object_component_ref idref="oc-de"/>
            <object_component_ref idref="oc-198"/>
            <object_component_ref idref="oc-cc"/>
            <object_component_ref idref="oc-114"/>
            <object_component_ref idref="oc-11a"/>
            <object_component_ref idref="oc-d2"/>
            <object_component_ref idref="oc-120"/>
            <object_component_ref idref="oc-102"/>
            <object_component_ref idref="oc-10e"/>
            <object_component_ref idref="oc-108"/>
            <object_component_ref idref="oc-e4"/>
            <object_component_ref idref="oc-d8"/>
         </contents>
      </logical_group>
      <logical_group id="lg-250" display="never" color="cyan">
         <name>.debug_pubtypes</name>
         <load_address>0x0</load_address>
         <run_address>0x0</run_address>
         <size>0x111a</size>
         <contents>
            <object_component_ref idref="oc-71"/>
            <object_component_ref idref="oc-b3"/>
            <object_component_ref idref="oc-ae"/>
            <object_component_ref idref="oc-76"/>
            <object_component_ref idref="oc-16d"/>
            <object_component_ref idref="oc-168"/>
            <object_component_ref idref="oc-37"/>
            <object_component_ref idref="oc-8a"/>
            <object_component_ref idref="oc-c1"/>
            <object_component_ref idref="oc-208"/>
            <object_component_ref idref="oc-226"/>
            <object_component_ref idref="oc-20d"/>
            <object_component_ref idref="oc-212"/>
            <object_component_ref idref="oc-1d2"/>
            <object_component_ref idref="oc-1cb"/>
            <object_component_ref idref="oc-1dd"/>
            <object_component_ref idref="oc-173"/>
         </contents>
      </logical_group>
      <logical_group id="lg-25e" display="no" color="cyan">
         <name>Veneer$$CMSE</name>
         <run_address>0x0</run_address>
         <size>0x0</size>
         <contents>
         </contents>
      </logical_group>
      <load_segment id="lg-264" display="no" color="cyan">
         <name>SEGMENT_0</name>
         <load_address>0x0</load_address>
         <run_address>0x0</run_address>
         <size>0xc64</size>
         <flags>0x5</flags>
         <contents>
            <logical_group_ref idref="lg-3"/>
            <logical_group_ref idref="lg-4"/>
            <logical_group_ref idref="lg-5"/>
            <logical_group_ref idref="lg-6"/>
         </contents>
      </load_segment>
      <load_segment id="lg-265" display="no" color="cyan">
         <name>SEGMENT_1</name>
         <run_address>0x20000000</run_address>
         <size>0x4a6</size>
         <flags>0x6</flags>
         <contents>
            <logical_group_ref idref="lg-9"/>
            <logical_group_ref idref="lg-d"/>
            <logical_group_ref idref="lg-b"/>
         </contents>
      </load_segment>
   </logical_group_list>
   <placement_map>
      <memory_area display="yes" color="green">
         <name>FLASH</name>
         <page_id>0x0</page_id>
         <origin>0x0</origin>
         <length>0x40000</length>
         <used_space>0xc62</used_space>
         <unused_space>0x3f39e</unused_space>
         <attributes>RX</attributes>
         <usage_details>
            <allocated_space>
               <start_address>0x0</start_address>
               <size>0x26c</size>
               <logical_group_ref idref="lg-3"/>
            </allocated_space>
            <allocated_space>
               <start_address>0x26c</start_address>
               <size>0x8ae</size>
               <logical_group_ref idref="lg-4"/>
            </allocated_space>
            <available_space>
               <start_address>0xb1a</start_address>
               <size>0x2</size>
            </available_space>
            <allocated_space>
               <start_address>0xb1c</start_address>
               <size>0x124</size>
               <logical_group_ref idref="lg-5"/>
            </allocated_space>
            <allocated_space>
               <start_address>0xc40</start_address>
               <size>0x24</size>
               <logical_group_ref idref="lg-6"/>
            </allocated_space>
            <available_space>
               <start_address>0xc64</start_address>
               <size>0x3f39c</size>
            </available_space>
         </usage_details>
      </memory_area>
      <memory_area display="yes" color="green">
         <name>SRAM</name>
         <page_id>0x0</page_id>
         <origin>0x20000000</origin>
         <length>0x8000</length>
         <used_space>0x4a2</used_space>
         <unused_space>0x7b5e</unused_space>
         <attributes>RWX</attributes>
         <usage_details>
            <allocated_space>
               <start_address>0x20000000</start_address>
               <size>0x0</size>
               <logical_group_ref idref="lg-233"/>
            </allocated_space>
            <allocated_space>
               <start_address>0x20000000</start_address>
               <size>0x26c</size>
               <logical_group_ref idref="lg-9"/>
            </allocated_space>
            <available_space>
               <start_address>0x2000026c</start_address>
               <size>0x4</size>
            </available_space>
            <allocated_space>
               <start_address>0x20000270</start_address>
               <size>0x200</size>
               <logical_group_ref idref="lg-d"/>
            </allocated_space>
            <allocated_space>
               <start_address>0x20000470</start_address>
               <size>0x36</size>
               <logical_group_ref idref="lg-b"/>
            </allocated_space>
            <available_space>
               <start_address>0x200004a6</start_address>
               <size>0x7b5a</size>
            </available_space>
         </usage_details>
      </memory_area>
   </placement_map>
   <cptbl_list>
      <cptbl>
         <name>__TI_cinit_table</name>
         <cprec>
            <name>.bss</name>
            <load_address>0xc40</load_address>
            <load_size>0x8</load_size>
            <run_address>0x20000470</run_address>
            <run_size>0x36</run_size>
            <compression>zero_init</compression>
         </cprec>
         <cprec>
            <name>.vtable</name>
            <load_address>0xc48</load_address>
            <load_size>0x8</load_size>
            <run_address>0x20000000</run_address>
            <run_size>0x26c</run_size>
            <compression>zero_init</compression>
         </cprec>
      </cptbl>
   </cptbl_list>
   <handler_table>
      <handler_table_name>__TI_handler_table</handler_table_name>
      <handler>
         <index>0x0</index>
         <name>__TI_zero_init</name>
      </handler>
   </handler_table>
   <symbol_table>
      <symbol id="sm-1">
         <name>__STACK_TOP</name>
         <value>0x20000470</value>
      </symbol>
      <symbol id="sm-2">
         <name>__start___llvm_prf_cnts</name>
         <value>0x20000000</value>
      </symbol>
      <symbol id="sm-3">
         <name>__stop___llvm_prf_cnts</name>
         <value>0x20000000</value>
      </symbol>
      <symbol id="sm-4">
         <name>__TI_CINIT_Base</name>
         <value>0xc54</value>
      </symbol>
      <symbol id="sm-5">
         <name>__TI_CINIT_Limit</name>
         <value>0xc64</value>
      </symbol>
      <symbol id="sm-6">
         <name>__TI_Handler_Table_Base</name>
         <value>0xc50</value>
      </symbol>
      <symbol id="sm-7">
         <name>__TI_Handler_Table_Limit</name>
         <value>0xc54</value>
      </symbol>
      <symbol id="sm-8">
         <name>binit</name>
         <value>0xffffffff</value>
      </symbol>
      <symbol id="sm-9">
         <name>__binit__</name>
         <value>0xffffffff</value>
      </symbol>
      <symbol id="sm-a">
         <name>__STACK_SIZE</name>
         <value>0x200</value>
      </symbol>
      <symbol id="sm-b">
         <name>__STACK_END</name>
         <value>0x20000470</value>
      </symbol>
      <symbol id="sm-c">
         <name>__c_args__</name>
         <value>0xffffffff</value>
      </symbol>
      <symbol id="sm-d">
         <name>__TI_pprof_out_hndl</name>
         <value>0xffffffff</value>
      </symbol>
      <symbol id="sm-e">
         <name>__TI_prof_data_start</name>
         <value>0xffffffff</value>
      </symbol>
      <symbol id="sm-f">
         <name>__TI_prof_data_size</name>
         <value>0xffffffff</value>
      </symbol>
      <symbol id="sm-70">
         <name>sendData</name>
         <value>0x200004a4</value>
      </symbol>
      <symbol id="sm-71">
         <name>uartBuffer</name>
         <value>0x20000470</value>
      </symbol>
      <symbol id="sm-72">
         <name>uartCnt</name>
         <value>0x200004a5</value>
      </symbol>
      <symbol id="sm-73">
         <name>uartinterrupt</name>
         <value>0x26d</value>
         <object_component_ref idref="oc-9b"/>
      </symbol>
      <symbol id="sm-74">
         <name>main</name>
         <value>0x45f</value>
         <object_component_ref idref="oc-9b"/>
      </symbol>
      <symbol id="sm-75">
         <name>dwinPtext</name>
         <value>0x3cb</value>
         <object_component_ref idref="oc-9b"/>
      </symbol>
      <symbol id="sm-76">
         <name>dwinPageControl</name>
         <value>0x351</value>
         <object_component_ref idref="oc-9b"/>
      </symbol>
      <symbol id="sm-97">
         <name>ResetISR</name>
         <value>0xae5</value>
         <object_component_ref idref="oc-27"/>
      </symbol>
      <symbol id="sm-98">
         <name>g_pfnVectors</name>
         <value>0x0</value>
         <object_component_ref idref="oc-12"/>
      </symbol>
      <symbol id="sm-a7">
         <name>__aeabi_memset</name>
         <value>0x77b</value>
         <object_component_ref idref="oc-8f"/>
      </symbol>
      <symbol id="sm-a8">
         <name>memset</name>
         <value>0x781</value>
         <object_component_ref idref="oc-8f"/>
      </symbol>
      <symbol id="sm-a9">
         <name>__aeabi_memset8</name>
         <value>0x77b</value>
         <object_component_ref idref="oc-8f"/>
      </symbol>
      <symbol id="sm-aa">
         <name>__aeabi_memset4</name>
         <value>0x77b</value>
         <object_component_ref idref="oc-8f"/>
      </symbol>
      <symbol id="sm-ab">
         <name>__aeabi_memclr8</name>
         <value>0x779</value>
         <object_component_ref idref="oc-8f"/>
      </symbol>
      <symbol id="sm-ac">
         <name>__aeabi_memclr4</name>
         <value>0x779</value>
         <object_component_ref idref="oc-8f"/>
      </symbol>
      <symbol id="sm-ad">
         <name>__aeabi_memclr</name>
         <value>0x779</value>
         <object_component_ref idref="oc-8f"/>
      </symbol>
      <symbol id="sm-c6">
         <name>__TI_zero_init_nomemset</name>
         <value>0xa5d</value>
         <object_component_ref idref="oc-47"/>
      </symbol>
      <symbol id="sm-db">
         <name>__stack</name>
         <value>0x20000270</value>
         <object_component_ref idref="oc-24"/>
      </symbol>
      <symbol id="sm-dc">
         <name>_c_int00_noargs</name>
         <value>0x9dd</value>
         <object_component_ref idref="oc-59"/>
      </symbol>
      <symbol id="sm-105">
         <name>__TI_auto_init_nobinit_nopinit</name>
         <value>0x8f1</value>
         <object_component_ref idref="oc-133"/>
      </symbol>
      <symbol id="sm-10f">
         <name>_system_pre_init</name>
         <value>0xb13</value>
         <object_component_ref idref="oc-95"/>
      </symbol>
      <symbol id="sm-11b">
         <name>C$$EXIT</name>
         <value>0xb17</value>
         <object_component_ref idref="oc-127"/>
      </symbol>
      <symbol id="sm-11c">
         <name>abort</name>
         <value>0xb17</value>
         <object_component_ref idref="oc-127"/>
      </symbol>
      <symbol id="sm-16c">
         <name>GPIOPinConfigure</name>
         <value>0x85d</value>
         <object_component_ref idref="oc-f3"/>
      </symbol>
      <symbol id="sm-16d">
         <name>GPIOPinTypeUART</name>
         <value>0xa91</value>
         <object_component_ref idref="oc-f9"/>
      </symbol>
      <symbol id="sm-16e">
         <name>GPIODirModeSet</name>
         <value>0xa11</value>
         <object_component_ref idref="oc-185"/>
      </symbol>
      <symbol id="sm-16f">
         <name>GPIOPadConfigSet</name>
         <value>0x519</value>
         <object_component_ref idref="oc-18b"/>
      </symbol>
      <symbol id="sm-1a0">
         <name>IntEnable</name>
         <value>0x7f5</value>
         <object_component_ref idref="oc-1a1"/>
      </symbol>
      <symbol id="sm-1a1">
         <name>IntRegister</name>
         <value>0x975</value>
         <object_component_ref idref="oc-19b"/>
      </symbol>
      <symbol id="sm-1a2">
         <name>g_pfnRAMVectors</name>
         <value>0x20000000</value>
         <object_component_ref idref="oc-1ee"/>
      </symbol>
      <symbol id="sm-1cd">
         <name>SysCtlClockSet</name>
         <value>0x685</value>
         <object_component_ref idref="oc-e7"/>
      </symbol>
      <symbol id="sm-1ce">
         <name>SysCtlDelay</name>
         <value>0xb03</value>
         <object_component_ref idref="oc-17c"/>
      </symbol>
      <symbol id="sm-1cf">
         <name>SysCtlPeripheralEnable</name>
         <value>0x9a9</value>
         <object_component_ref idref="oc-ed"/>
      </symbol>
      <symbol id="sm-24f">
         <name>UARTCharPutNonBlocking</name>
         <value>0xac9</value>
         <object_component_ref idref="oc-e1"/>
      </symbol>
      <symbol id="sm-250">
         <name>UARTConfigSetExpClk</name>
         <value>0x8a9</value>
         <object_component_ref idref="oc-10b"/>
      </symbol>
      <symbol id="sm-251">
         <name>UARTDisable</name>
         <value>0xa3d</value>
         <object_component_ref idref="oc-ff"/>
      </symbol>
      <symbol id="sm-252">
         <name>UARTIntEnable</name>
         <value>0xafb</value>
         <object_component_ref idref="oc-117"/>
      </symbol>
      <symbol id="sm-253">
         <name>UARTCharGetNonBlocking</name>
         <value>0xabb</value>
         <object_component_ref idref="oc-d5"/>
      </symbol>
      <symbol id="sm-254">
         <name>UARTClockSourceSet</name>
         <value>0xb09</value>
         <object_component_ref idref="oc-105"/>
      </symbol>
      <symbol id="sm-255">
         <name>UARTEnable</name>
         <value>0xaa7</value>
         <object_component_ref idref="oc-11d"/>
      </symbol>
      <symbol id="sm-256">
         <name>UARTIntClear</name>
         <value>0xb0f</value>
         <object_component_ref idref="oc-cf"/>
      </symbol>
      <symbol id="sm-257">
         <name>UARTIntStatus</name>
         <value>0xaf1</value>
         <object_component_ref idref="oc-c9"/>
      </symbol>
      <symbol id="sm-258">
         <name>UARTSpaceAvail</name>
         <value>0xad7</value>
         <object_component_ref idref="oc-db"/>
      </symbol>
      <symbol id="sm-259">
         <name>UARTIntRegister</name>
         <value>0xa79</value>
         <object_component_ref idref="oc-111"/>
      </symbol>
      <symbol id="sm-25b">
         <name>__TI_static_base__</name>
         <value>0x0</value>
      </symbol>
      <symbol id="sm-25d">
         <name>__mpu_init</name>
         <value>0x0</value>
      </symbol>
      <symbol id="sm-25e">
         <name>_system_post_cinit</name>
         <value>0x0</value>
      </symbol>
   </symbol_table>
   <title>Link successful</title>
</link_info>
